profiling now
Generating SQLite file gpu_profile_VYOM3D_base.sqlite from gpu_profile_VYOM3D_base.nsys-rep
Processing [gpu_profile_VYOM3D_base.sqlite] with [/home/apps/spack/opt/spack/linux-almalinux8-skylake_avx512/gcc-8.5.0/nvhpc-24.11-bphfxrlohbqt7qd5igbuvb7va2ve6znl/Linux_x86_64/24.11/profilers/Nsight_Systems/host-linux-x64/reports/cuda_gpu_kern_sum.py]... 

 ** CUDA GPU Kernel Summary (cuda_gpu_kern_sum):

 Time (%)  Total Time (ns)  Instances    Avg (ns)      Med (ns)     Min (ns)    Max (ns)   StdDev (ns)              Name             
 --------  ---------------  ---------  ------------  ------------  ----------  ----------  -----------  -----------------------------
     48.9   21,228,445,413        600  35,380,742.4  35,383,273.0  34,232,279  36,742,306    895,690.0  applybc_16_gpu               
      8.4    3,639,992,776        600   6,066,654.6   6,461,484.0   5,565,736   6,745,808    447,486.9  ztroe_500_gpu                
      8.4    3,637,600,855        600   6,062,668.1   6,458,809.5   5,561,958   6,743,504    448,675.8  etroe_267_gpu                
      7.8    3,368,664,242        600   5,614,440.4   5,536,551.0   5,498,110   6,714,481    276,762.6  xiroe_28_gpu                 
      3.1    1,330,828,404        600   2,218,047.3   2,216,768.0   2,202,927   2,374,641     13,175.3  recon_151_gpu                
      3.1    1,330,212,091        600   2,217,020.2   2,216,569.5   2,201,337   2,358,641     11,875.4  recon_92_gpu                 
      2.9    1,270,910,447        600   2,118,184.1   2,116,463.0   2,096,920   2,175,344     15,936.3  roeflux_59_gpu               
      2.8    1,215,207,741        600   2,025,346.2   2,018,190.0   2,009,239   2,220,880     26,911.5  recon_34_gpu                 
      1.9      807,734,209        600   1,346,223.7   1,346,444.5   1,337,199   1,354,058      4,394.2  iterate_44_gpu               
      1.5      652,645,550        600   1,087,742.6   1,087,498.0   1,078,796   1,097,192      4,065.0  secondvflux_ztvsecond_198_gpu
      1.5      649,497,713        600   1,082,496.2   1,082,156.0   1,074,124   1,091,912      4,057.3  secondvflux_etvsecond_144_gpu
      1.5      641,547,082        600   1,069,245.1   1,068,844.5   1,059,660   1,077,863      3,962.3  secondvflux_xivsecond_90_gpu 
      1.3      577,259,909        600     962,099.8     961,723.0     945,323     976,999      5,696.2  secondvflux_etvsecond_112_gpu
      1.3      570,504,746        600     950,841.2     950,731.0     934,282     964,199      6,175.6  secondvflux_ztvsecond_166_gpu
      1.3      559,697,973        600     932,830.0     932,232.5     929,738     941,319      3,372.7  roeflux_13_gpu               
      1.3      549,328,361        600     915,547.3     915,656.5     909,643     922,407      3,939.6  secondvflux_xivsecond_58_gpu 
      1.2      513,827,890        600     856,379.8     855,560.0     853,322     864,295      3,168.5  getflux_9_gpu                
      1.0      418,147,862        600     696,913.1     697,286.5     690,088     704,549      4,148.0  constoprim_24_gpu            
      0.5      221,211,160        200   1,106,055.8   1,106,890.5   1,101,100   1,118,568      4,101.7  iterate_12_gpu               
      0.4      160,021,707        600     266,702.8     266,594.5     263,971     269,569      1,448.9  sutherland_10_gpu            
      0.2       93,792,959        600     156,321.6     156,658.0     151,490     162,529      2,468.7  recon_61_gpu                 
      0.0        5,016,614        600       8,361.0       8,352.0       7,744       8,993        191.9  recon_119_gpu                
      0.0        4,241,178        600       7,068.6       7,040.0       6,784       7,776        141.6  recon_178_gpu                

Processing [gpu_profile_VYOM3D_base.sqlite] with [/home/apps/spack/opt/spack/linux-almalinux8-skylake_avx512/gcc-8.5.0/nvhpc-24.11-bphfxrlohbqt7qd5igbuvb7va2ve6znl/Linux_x86_64/24.11/profilers/Nsight_Systems/host-linux-x64/reports/mpi_event_sum.py]... 

 ** MPI Event Summary (mpi_event_sum):

 Time (%)  Total Time (ns)  Instances    Avg (ns)       Med (ns)      Min (ns)      Max (ns)      StdDev (ns)     Source         Name    
 --------  ---------------  ---------  -------------  -------------  -----------  -------------  -------------  -----------  ------------
     81.8   33,394,389,974      3,029   11,024,889.4      466,867.0      218,738  2,600,656,552   58,614,112.8  p2p          MPI_Recv    
      8.1    3,321,260,629         66   50,322,130.7        2,633.5          635  2,938,381,540  361,417,999.5  collectives  MPI_Reduce  
      4.3    1,743,344,336          2  871,672,168.0  871,672,168.0  871,647,942    871,696,394       34,260.7  other        MPI_Init    
      4.1    1,673,931,171      3,029      552,634.9      376,212.0       32,357    274,039,047    6,014,863.8  p2p          MPI_Send    
      1.1      439,743,761          2  219,871,880.5  219,871,880.5  159,888,023    279,855,738   84,829,984.8  other        MPI_Finalize
      0.6      264,498,004          8   33,062,250.5      137,338.5        4,879    263,092,381   92,946,489.0  collectives  MPI_Barrier 

Processing [gpu_profile_VYOM3D_base.sqlite] with [/home/apps/spack/opt/spack/linux-almalinux8-skylake_avx512/gcc-8.5.0/nvhpc-24.11-bphfxrlohbqt7qd5igbuvb7va2ve6znl/Linux_x86_64/24.11/profilers/Nsight_Systems/host-linux-x64/reports/nvtx_pushpop_sum.py]... 

 ** NVTX Push/Pop Range Summary (nvtx_pushpop_sum):

 Time (%)  Total Time (ns)  Instances     Avg (ns)         Med (ns)        Min (ns)       Max (ns)     StdDev (ns)       Range      
 --------  ---------------  ---------  ---------------  ---------------  -------------  -------------  -----------  ----------------
     45.7  226,366,776,654        200  1,131,833,883.3  1,131,534,724.0  1,124,488,227  1,193,967,199  6,634,064.1  :iterate        
     36.8  182,664,584,629        600    304,440,974.4    304,196,590.0    300,384,620    353,092,158  3,226,761.8  :Comms prim     
      4.3   21,256,708,710        600     35,427,847.9     35,900,811.5     34,283,605     36,778,304    887,312.9  :Apply_BC       
      4.2   20,963,126,514        600     34,938,544.2     35,545,492.0     33,841,684     38,530,278  1,006,756.7  :GetFlux        
      3.3   16,565,873,375        600     27,609,789.0     28,250,186.5     26,506,054     30,993,429  1,025,595.7  :RoeFlux        
      1.0    5,003,118,714        600      8,338,531.2      8,729,987.0      7,821,459      9,178,235    451,225.0  :ztroe          
      1.0    5,002,537,563        600      8,337,562.6      8,725,899.5      7,823,962      9,167,286    449,505.7  :etroe          
      0.9    4,709,253,873        600      7,848,756.5      7,763,956.0      7,709,855      9,452,554    306,750.6  :xiroe          
      0.8    3,873,119,448        600      6,455,199.1      6,456,137.0      6,407,247      6,686,412     34,143.1  :SecondVflux    
      0.3    1,353,849,499        600      2,256,415.8      2,255,329.0      2,240,543      2,402,142     12,187.6  :recon(2)       
      0.3    1,352,697,343        600      2,254,495.6      2,252,983.5      2,238,670      2,413,365     13,427.1  :recon(3)       
      0.3    1,328,222,305        600      2,213,703.8      2,207,662.5      2,192,788      2,569,512     32,076.5  :recon(1)       
      0.3    1,248,364,270        600      2,080,607.1      2,076,836.0      2,056,425      2,303,259     20,704.5  :etvsecond      
      0.3    1,242,580,112        600      2,070,966.9      2,070,511.5      2,049,666      2,094,344     10,132.1  :ztvsecond      
      0.2    1,211,108,370        600      2,018,513.9      2,019,109.5      2,003,769      2,129,099      9,631.2  :xivsecond      
      0.2      816,288,810        600      1,360,481.4      1,361,235.5      1,351,368      1,416,029      5,049.9  :RK3 update cons
      0.1      426,163,655        600        710,272.8        711,685.0        702,739        757,200      4,717.7  :ConstoPrim     
      0.0      229,517,206        200      1,147,586.0      1,143,993.0      1,135,958      1,309,145     17,384.6  :Cons_init      
      0.0      169,199,413        600        281,999.0        281,755.5        277,836        362,420      4,552.8  :sutherland     

profilling complete
